[0.023s] Invoking command in '/home/ros2/CHAPT2/chapt2_ws/build/demo_cpp_pkg': /usr/bin/cmake --build /home/ros2/CHAPT2/chapt2_ws/build/demo_cpp_pkg -- -j2 -l2
[0.102s] -- Found ament_cmake: 0.9.12 (/opt/ros/foxy/share/ament_cmake/cmake)
[0.146s] -- Using PYTHON_EXECUTABLE: /usr/bin/python3
[0.549s] -- Found rclcpp: 2.4.3 (/opt/ros/foxy/share/rclcpp/cmake)
[0.614s] -- Using all available rosidl_typesupport_c: rosidl_typesupport_fastrtps_c;rosidl_typesupport_introspection_c
[0.618s] -- Found rosidl_adapter: 1.3.1 (/opt/ros/foxy/share/rosidl_adapter/cmake)
[0.954s] -- Using all available rosidl_typesupport_cpp: rosidl_typesupport_fastrtps_cpp;rosidl_typesupport_introspection_cpp
[1.123s] -- Found rmw_implementation_cmake: 1.0.4 (/opt/ros/foxy/share/rmw_implementation_cmake/cmake)
[1.136s] -- Using RMW implementation 'rmw_fastrtps_cpp' as default
[1.526s] -- Found ament_lint_auto: 0.9.8 (/opt/ros/foxy/share/ament_lint_auto/cmake)
[1.684s] Error parsing '/home/ros2/CHAPT2/chapt2_ws/src/demo_cpp_pkg/package.xml':
[2.884s] Traceback (most recent call last):
[2.884s]   File "/usr/lib/python3/dist-packages/catkin_pkg/package.py", line 610, in parse_package_string
[2.885s]     root = dom.parseString(data)
[2.885s]   File "/usr/lib/python3.8/xml/dom/minidom.py", line 1969, in parseString
[2.885s]     return expatbuilder.parseString(string)
[2.885s]   File "/usr/lib/python3.8/xml/dom/expatbuilder.py", line 925, in parseString
[2.885s]     return builder.parseString(string)
[2.886s]   File "/usr/lib/python3.8/xml/dom/expatbuilder.py", line 223, in parseString
[2.886s]     parser.Parse(string, True)
[2.886s] xml.parsers.expat.ExpatError: not well-formed (invalid token): line 10, column 17
[2.886s] 
[2.886s] During handling of the above exception, another exception occurred:
[2.887s] 
[2.887s] Traceback (most recent call last):
[2.887s]   File "/opt/ros/foxy/share/ament_cmake_core/cmake/core/package_xml_2_cmake.py", line 143, in <module>
[2.887s]     main()
[2.887s]   File "/opt/ros/foxy/share/ament_cmake_core/cmake/core/package_xml_2_cmake.py", line 52, in main
[2.887s]     raise e
[2.888s]   File "/opt/ros/foxy/share/ament_cmake_core/cmake/core/package_xml_2_cmake.py", line 48, in main
[2.888s]     package = parse_package_string(
[2.888s]   File "/usr/lib/python3/dist-packages/catkin_pkg/package.py", line 612, in parse_package_string
[2.889s]     raise InvalidPackage('The manifest contains invalid XML:\n%s' % ex, filename)
[2.889s] catkin_pkg.package.InvalidPackage: Error(s) in package '/home/ros2/CHAPT2/chapt2_ws/src/demo_cpp_pkg/package.xml':
[2.902s] The manifest contains invalid XML:
[2.902s] not well-formed (invalid token): line 10, column 17
[3.022s] CMake Error at /opt/ros/foxy/share/ament_cmake_core/cmake/core/ament_package_xml.cmake:94 (message):
[3.022s]   execute_process(/usr/bin/python3
[3.023s]   /opt/ros/foxy/share/ament_cmake_core/cmake/core/package_xml_2_cmake.py
[3.023s]   /home/ros2/CHAPT2/chapt2_ws/src/demo_cpp_pkg/package.xml
[3.023s]   /home/ros2/CHAPT2/chapt2_ws/build/demo_cpp_pkg/ament_cmake_core/package.cmake)
[3.023s]   returned error code 1
[3.023s] Call Stack (most recent call first):
[3.023s]   /opt/ros/foxy/share/ament_cmake_core/cmake/core/ament_package_xml.cmake:49 (_ament_package_xml)
[3.024s]   /opt/ros/foxy/share/ament_lint_auto/cmake/ament_lint_auto_find_test_dependencies.cmake:31 (ament_package_xml)
[3.024s]   CMakeLists.txt:47 (ament_lint_auto_find_test_dependencies)
[3.024s] 
[3.024s] 
[3.029s] -- Configuring incomplete, errors occurred!
[3.029s] See also "/home/ros2/CHAPT2/chapt2_ws/build/demo_cpp_pkg/CMakeFiles/CMakeOutput.log".
[3.029s] See also "/home/ros2/CHAPT2/chapt2_ws/build/demo_cpp_pkg/CMakeFiles/CMakeError.log".
[3.071s] make: *** [Makefile:266：cmake_check_build_system] 错误 1
[3.087s] Invoked command in '/home/ros2/CHAPT2/chapt2_ws/build/demo_cpp_pkg' returned '2': /usr/bin/cmake --build /home/ros2/CHAPT2/chapt2_ws/build/demo_cpp_pkg -- -j2 -l2
