[0.000000] (-) TimerEvent: {}
[0.000699] (demo_cpp_pkg) JobQueued: {'identifier': 'demo_cpp_pkg', 'dependencies': OrderedDict()}
[0.000783] (demo_python_pkg) JobQueued: {'identifier': 'demo_python_pkg', 'dependencies': OrderedDict()}
[0.000840] (demo_cpp_pkg) JobStarted: {'identifier': 'demo_cpp_pkg'}
[0.007234] (demo_python_pkg) JobStarted: {'identifier': 'demo_python_pkg'}
[0.016793] (demo_cpp_pkg) JobProgress: {'identifier': 'demo_cpp_pkg', 'progress': 'cmake'}
[0.018414] (demo_cpp_pkg) JobProgress: {'identifier': 'demo_cpp_pkg', 'progress': 'build'}
[0.019279] (demo_cpp_pkg) Command: {'cmd': ['/usr/bin/cmake', '--build', '/home/ros2/CHAPT2/chapt2_ws/build/demo_cpp_pkg', '--', '-j2', '-l2'], 'cwd': '/home/ros2/CHAPT2/chapt2_ws/build/demo_cpp_pkg', 'env': OrderedDict([('GJS_DEBUG_TOPICS', 'JS ERROR;JS LOG'), ('LESSOPEN', '| /usr/bin/lesspipe %s'), ('LANGUAGE', 'zh_CN:en'), ('USER', 'ros2'), ('LC_TIME', 'zh_CN.UTF-8'), ('SSH_AGENT_PID', '1733'), ('XDG_SESSION_TYPE', 'x11'), ('GIT_ASKPASS', '/usr/share/code/resources/app/extensions/git/dist/askpass.sh'), ('SHLVL', '2'), ('LD_LIBRARY_PATH', '/opt/ros/foxy/opt/yaml_cpp_vendor/lib:/opt/ros/foxy/opt/rviz_ogre_vendor/lib:/opt/ros/foxy/lib/x86_64-linux-gnu:/opt/ros/foxy/lib'), ('HOME', '/home/ros2'), ('CHROME_DESKTOP', 'code-url-handler.desktop'), ('OLDPWD', '/home/ros2/CHAPT2/chapt2_ws/src'), ('TERM_PROGRAM_VERSION', '1.86.2'), ('DESKTOP_SESSION', 'ubuntu'), ('ROS_PYTHON_VERSION', '3'), ('GNOME_SHELL_SESSION_MODE', 'ubuntu'), ('GTK_MODULES', 'gail:atk-bridge'), ('VSCODE_GIT_ASKPASS_MAIN', '/usr/share/code/resources/app/extensions/git/dist/askpass-main.js'), ('LC_MONETARY', 'zh_CN.UTF-8'), ('VSCODE_GIT_ASKPASS_NODE', '/usr/share/code/code'), ('MANAGERPID', '1558'), ('DBUS_SESSION_BUS_ADDRESS', 'unix:path=/run/user/1000/bus'), ('COLORTERM', 'truecolor'), ('IM_CONFIG_PHASE', '1'), ('COLCON_PREFIX_PATH', '/home/ros2/CHAPT2/install'), ('ROS_DISTRO', 'foxy'), ('LOGNAME', 'ros2'), ('JOURNAL_STREAM', '8:48261'), ('_', '/usr/bin/colcon'), ('ROS_VERSION', '2'), ('XDG_SESSION_CLASS', 'user'), ('USERNAME', 'ros2'), ('TERM', 'xterm-256color'), ('GNOME_DESKTOP_SESSION_ID', 'this-is-deprecated'), ('ROS_LOCALHOST_ONLY', '0'), ('WINDOWPATH', '2'), ('PATH', '/opt/ros/foxy/bin:/usr/local/sbin:/usr/local/bin:/usr/sbin:/usr/bin:/sbin:/bin:/usr/games:/usr/local/games:/snap/bin'), ('SESSION_MANAGER', 'local/ubuntu:@/tmp/.ICE-unix/1768,unix/ubuntu:/tmp/.ICE-unix/1768'), ('INVOCATION_ID', 'bd265918e9194657a69ff75cf0c40fd9'), ('PAPERSIZE', 'a4'), ('XDG_MENU_PREFIX', 'gnome-'), ('LC_ADDRESS', 'zh_CN.UTF-8'), ('GNOME_TERMINAL_SCREEN', '/org/gnome/Terminal/screen/b137632f_53c4_42bb_8e13_85e1d06c4c65'), ('XDG_RUNTIME_DIR', '/run/user/1000'), ('GDK_BACKEND', 'x11'), ('DISPLAY', ':0'), ('LANG', 'zh_CN.UTF-8'), ('XDG_CURRENT_DESKTOP', 'Unity'), ('LC_TELEPHONE', 'zh_CN.UTF-8'), ('XMODIFIERS', '@im=ibus'), ('XDG_SESSION_DESKTOP', 'ubuntu'), ('XAUTHORITY', '/run/user/1000/gdm/Xauthority'), ('LS_COLORS', 'rs=0:di=01;34:ln=01;36:mh=00:pi=40;33:so=01;35:do=01;35:bd=40;33;01:cd=40;33;01:or=40;31;01:mi=00:su=37;41:sg=30;43:ca=30;41:tw=30;42:ow=34;42:st=37;44:ex=01;32:*.tar=01;31:*.tgz=01;31:*.arc=01;31:*.arj=01;31:*.taz=01;31:*.lha=01;31:*.lz4=01;31:*.lzh=01;31:*.lzma=01;31:*.tlz=01;31:*.txz=01;31:*.tzo=01;31:*.t7z=01;31:*.zip=01;31:*.z=01;31:*.dz=01;31:*.gz=01;31:*.lrz=01;31:*.lz=01;31:*.lzo=01;31:*.xz=01;31:*.zst=01;31:*.tzst=01;31:*.bz2=01;31:*.bz=01;31:*.tbz=01;31:*.tbz2=01;31:*.tz=01;31:*.deb=01;31:*.rpm=01;31:*.jar=01;31:*.war=01;31:*.ear=01;31:*.sar=01;31:*.rar=01;31:*.alz=01;31:*.ace=01;31:*.zoo=01;31:*.cpio=01;31:*.7z=01;31:*.rz=01;31:*.cab=01;31:*.wim=01;31:*.swm=01;31:*.dwm=01;31:*.esd=01;31:*.jpg=01;35:*.jpeg=01;35:*.mjpg=01;35:*.mjpeg=01;35:*.gif=01;35:*.bmp=01;35:*.pbm=01;35:*.pgm=01;35:*.ppm=01;35:*.tga=01;35:*.xbm=01;35:*.xpm=01;35:*.tif=01;35:*.tiff=01;35:*.png=01;35:*.svg=01;35:*.svgz=01;35:*.mng=01;35:*.pcx=01;35:*.mov=01;35:*.mpg=01;35:*.mpeg=01;35:*.m2v=01;35:*.mkv=01;35:*.webm=01;35:*.ogm=01;35:*.mp4=01;35:*.m4v=01;35:*.mp4v=01;35:*.vob=01;35:*.qt=01;35:*.nuv=01;35:*.wmv=01;35:*.asf=01;35:*.rm=01;35:*.rmvb=01;35:*.flc=01;35:*.avi=01;35:*.fli=01;35:*.flv=01;35:*.gl=01;35:*.dl=01;35:*.xcf=01;35:*.xwd=01;35:*.yuv=01;35:*.cgm=01;35:*.emf=01;35:*.ogv=01;35:*.ogx=01;35:*.aac=00;36:*.au=00;36:*.flac=00;36:*.m4a=00;36:*.mid=00;36:*.midi=00;36:*.mka=00;36:*.mp3=00;36:*.mpc=00;36:*.ogg=00;36:*.ra=00;36:*.wav=00;36:*.oga=00;36:*.opus=00;36:*.spx=00;36:*.xspf=00;36:'), ('VSCODE_GIT_IPC_HANDLE', '/run/user/1000/vscode-git-7225e0989d.sock'), ('GNOME_TERMINAL_SERVICE', ':1.86'), ('TERM_PROGRAM', 'vscode'), ('SSH_AUTH_SOCK', '/run/user/1000/keyring/ssh'), ('AMENT_PREFIX_PATH', '/home/ros2/CHAPT2/install/demo_cpp_pkg:/home/ros2/CHAPT2/install/demo_python_pkg:/opt/ros/foxy'), ('ORIGINAL_XDG_CURRENT_DESKTOP', 'ubuntu:GNOME'), ('SHELL', '/bin/bash'), ('LC_NAME', 'zh_CN.UTF-8'), ('QT_ACCESSIBILITY', '1'), ('GDMSESSION', 'ubuntu'), ('LESSCLOSE', '/usr/bin/lesspipe %s %s'), ('LC_MEASUREMENT', 'zh_CN.UTF-8'), ('GPG_AGENT_INFO', '/run/user/1000/gnupg/S.gpg-agent:0:1'), ('GJS_DEBUG_OUTPUT', 'stderr'), ('LC_IDENTIFICATION', 'zh_CN.UTF-8'), ('VSCODE_GIT_ASKPASS_EXTRA_ARGS', ''), ('QT_IM_MODULE', 'ibus'), ('PWD', '/home/ros2/CHAPT2/chapt2_ws/build/demo_cpp_pkg'), ('XDG_CONFIG_DIRS', '/etc/xdg/xdg-ubuntu:/etc/xdg'), ('XDG_DATA_DIRS', '/usr/share/ubuntu:/usr/local/share/:/usr/share/:/var/lib/snapd/desktop'), ('PYTHONPATH', '/home/ros2/CHAPT2/install/demo_python_pkg/lib/python3.8/site-packages:/opt/ros/foxy/lib/python3.8/site-packages'), ('LC_NUMERIC', 'zh_CN.UTF-8'), ('LC_PAPER', 'zh_CN.UTF-8'), ('COLCON', '1'), ('VTE_VERSION', '6003'), ('CMAKE_PREFIX_PATH', '/home/ros2/CHAPT2/install/demo_cpp_pkg')]), 'shell': False}
[0.093184] (-) TimerEvent: {}
[0.121625] (demo_cpp_pkg) StdoutLine: {'line': b'-- Found ament_cmake: 0.9.12 (/opt/ros/foxy/share/ament_cmake/cmake)\n'}
[0.186865] (demo_cpp_pkg) StdoutLine: {'line': b'-- Using PYTHON_EXECUTABLE: /usr/bin/python3\n'}
[0.193395] (-) TimerEvent: {}
[0.294007] (-) TimerEvent: {}
[0.394507] (-) TimerEvent: {}
[0.496875] (-) TimerEvent: {}
[0.601090] (-) TimerEvent: {}
[0.702056] (-) TimerEvent: {}
[0.720239] (demo_cpp_pkg) StdoutLine: {'line': b'-- Found rclcpp: 2.4.3 (/opt/ros/foxy/share/rclcpp/cmake)\n'}
[0.802026] (demo_cpp_pkg) StdoutLine: {'line': b'-- Using all available rosidl_typesupport_c: rosidl_typesupport_fastrtps_c;rosidl_typesupport_introspection_c\n'}
[0.802287] (-) TimerEvent: {}
[0.805795] (demo_cpp_pkg) StdoutLine: {'line': b'-- Found rosidl_adapter: 1.3.1 (/opt/ros/foxy/share/rosidl_adapter/cmake)\n'}
[0.905762] (-) TimerEvent: {}
[1.006204] (-) TimerEvent: {}
[1.009942] (demo_cpp_pkg) StdoutLine: {'line': b'-- Using all available rosidl_typesupport_cpp: rosidl_typesupport_fastrtps_cpp;rosidl_typesupport_introspection_cpp\n'}
[1.106387] (-) TimerEvent: {}
[1.172267] (demo_cpp_pkg) StdoutLine: {'line': b'-- Found rmw_implementation_cmake: 1.0.4 (/opt/ros/foxy/share/rmw_implementation_cmake/cmake)\n'}
[1.183077] (demo_cpp_pkg) StdoutLine: {'line': b"-- Using RMW implementation 'rmw_fastrtps_cpp' as default\n"}
[1.207304] (-) TimerEvent: {}
[1.307942] (-) TimerEvent: {}
[1.410904] (-) TimerEvent: {}
[1.522215] (-) TimerEvent: {}
[1.543292] (demo_cpp_pkg) StdoutLine: {'line': b'-- Found ament_lint_auto: 0.9.8 (/opt/ros/foxy/share/ament_lint_auto/cmake)\n'}
[1.622529] (-) TimerEvent: {}
[1.631483] (demo_cpp_pkg) StderrLine: {'line': b"Error parsing '/home/ros2/CHAPT2/chapt2_ws/src/demo_cpp_pkg/package.xml':\n"}
[1.726889] (-) TimerEvent: {}
[1.827657] (-) TimerEvent: {}
[1.918722] (demo_python_pkg) Command: {'cmd': ['/usr/bin/python3', '-W', 'ignore:setup.py install is deprecated', 'setup.py', 'egg_info', '--egg-base', '../../build/demo_python_pkg', 'build', '--build-base', '/home/ros2/CHAPT2/chapt2_ws/build/demo_python_pkg/build', 'install', '--record', '/home/ros2/CHAPT2/chapt2_ws/build/demo_python_pkg/install.log', '--install-scripts', '$base/lib/demo_python_pkg', '--single-version-externally-managed', 'install_data'], 'cwd': '/home/ros2/CHAPT2/chapt2_ws/src/demo_python_pkg', 'env': {'GJS_DEBUG_TOPICS': 'JS ERROR;JS LOG', 'LESSOPEN': '| /usr/bin/lesspipe %s', 'LANGUAGE': 'zh_CN:en', 'USER': 'ros2', 'LC_TIME': 'zh_CN.UTF-8', 'SSH_AGENT_PID': '1733', 'XDG_SESSION_TYPE': 'x11', 'GIT_ASKPASS': '/usr/share/code/resources/app/extensions/git/dist/askpass.sh', 'SHLVL': '2', 'LD_LIBRARY_PATH': '/opt/ros/foxy/opt/yaml_cpp_vendor/lib:/opt/ros/foxy/opt/rviz_ogre_vendor/lib:/opt/ros/foxy/lib/x86_64-linux-gnu:/opt/ros/foxy/lib', 'HOME': '/home/ros2', 'CHROME_DESKTOP': 'code-url-handler.desktop', 'OLDPWD': '/home/ros2/CHAPT2/chapt2_ws/src', 'TERM_PROGRAM_VERSION': '1.86.2', 'DESKTOP_SESSION': 'ubuntu', 'ROS_PYTHON_VERSION': '3', 'GNOME_SHELL_SESSION_MODE': 'ubuntu', 'GTK_MODULES': 'gail:atk-bridge', 'VSCODE_GIT_ASKPASS_MAIN': '/usr/share/code/resources/app/extensions/git/dist/askpass-main.js', 'LC_MONETARY': 'zh_CN.UTF-8', 'VSCODE_GIT_ASKPASS_NODE': '/usr/share/code/code', 'MANAGERPID': '1558', 'DBUS_SESSION_BUS_ADDRESS': 'unix:path=/run/user/1000/bus', 'COLORTERM': 'truecolor', 'IM_CONFIG_PHASE': '1', 'COLCON_PREFIX_PATH': '/home/ros2/CHAPT2/install', 'ROS_DISTRO': 'foxy', 'LOGNAME': 'ros2', 'JOURNAL_STREAM': '8:48261', '_': '/usr/bin/colcon', 'ROS_VERSION': '2', 'XDG_SESSION_CLASS': 'user', 'USERNAME': 'ros2', 'TERM': 'xterm-256color', 'GNOME_DESKTOP_SESSION_ID': 'this-is-deprecated', 'ROS_LOCALHOST_ONLY': '0', 'WINDOWPATH': '2', 'PATH': '/opt/ros/foxy/bin:/usr/local/sbin:/usr/local/bin:/usr/sbin:/usr/bin:/sbin:/bin:/usr/games:/usr/local/games:/snap/bin', 'SESSION_MANAGER': 'local/ubuntu:@/tmp/.ICE-unix/1768,unix/ubuntu:/tmp/.ICE-unix/1768', 'INVOCATION_ID': 'bd265918e9194657a69ff75cf0c40fd9', 'PAPERSIZE': 'a4', 'XDG_MENU_PREFIX': 'gnome-', 'LC_ADDRESS': 'zh_CN.UTF-8', 'GNOME_TERMINAL_SCREEN': '/org/gnome/Terminal/screen/b137632f_53c4_42bb_8e13_85e1d06c4c65', 'XDG_RUNTIME_DIR': '/run/user/1000', 'GDK_BACKEND': 'x11', 'DISPLAY': ':0', 'LANG': 'zh_CN.UTF-8', 'XDG_CURRENT_DESKTOP': 'Unity', 'LC_TELEPHONE': 'zh_CN.UTF-8', 'XMODIFIERS': '@im=ibus', 'XDG_SESSION_DESKTOP': 'ubuntu', 'XAUTHORITY': '/run/user/1000/gdm/Xauthority', 'LS_COLORS': 'rs=0:di=01;34:ln=01;36:mh=00:pi=40;33:so=01;35:do=01;35:bd=40;33;01:cd=40;33;01:or=40;31;01:mi=00:su=37;41:sg=30;43:ca=30;41:tw=30;42:ow=34;42:st=37;44:ex=01;32:*.tar=01;31:*.tgz=01;31:*.arc=01;31:*.arj=01;31:*.taz=01;31:*.lha=01;31:*.lz4=01;31:*.lzh=01;31:*.lzma=01;31:*.tlz=01;31:*.txz=01;31:*.tzo=01;31:*.t7z=01;31:*.zip=01;31:*.z=01;31:*.dz=01;31:*.gz=01;31:*.lrz=01;31:*.lz=01;31:*.lzo=01;31:*.xz=01;31:*.zst=01;31:*.tzst=01;31:*.bz2=01;31:*.bz=01;31:*.tbz=01;31:*.tbz2=01;31:*.tz=01;31:*.deb=01;31:*.rpm=01;31:*.jar=01;31:*.war=01;31:*.ear=01;31:*.sar=01;31:*.rar=01;31:*.alz=01;31:*.ace=01;31:*.zoo=01;31:*.cpio=01;31:*.7z=01;31:*.rz=01;31:*.cab=01;31:*.wim=01;31:*.swm=01;31:*.dwm=01;31:*.esd=01;31:*.jpg=01;35:*.jpeg=01;35:*.mjpg=01;35:*.mjpeg=01;35:*.gif=01;35:*.bmp=01;35:*.pbm=01;35:*.pgm=01;35:*.ppm=01;35:*.tga=01;35:*.xbm=01;35:*.xpm=01;35:*.tif=01;35:*.tiff=01;35:*.png=01;35:*.svg=01;35:*.svgz=01;35:*.mng=01;35:*.pcx=01;35:*.mov=01;35:*.mpg=01;35:*.mpeg=01;35:*.m2v=01;35:*.mkv=01;35:*.webm=01;35:*.ogm=01;35:*.mp4=01;35:*.m4v=01;35:*.mp4v=01;35:*.vob=01;35:*.qt=01;35:*.nuv=01;35:*.wmv=01;35:*.asf=01;35:*.rm=01;35:*.rmvb=01;35:*.flc=01;35:*.avi=01;35:*.fli=01;35:*.flv=01;35:*.gl=01;35:*.dl=01;35:*.xcf=01;35:*.xwd=01;35:*.yuv=01;35:*.cgm=01;35:*.emf=01;35:*.ogv=01;35:*.ogx=01;35:*.aac=00;36:*.au=00;36:*.flac=00;36:*.m4a=00;36:*.mid=00;36:*.midi=00;36:*.mka=00;36:*.mp3=00;36:*.mpc=00;36:*.ogg=00;36:*.ra=00;36:*.wav=00;36:*.oga=00;36:*.opus=00;36:*.spx=00;36:*.xspf=00;36:', 'VSCODE_GIT_IPC_HANDLE': '/run/user/1000/vscode-git-7225e0989d.sock', 'GNOME_TERMINAL_SERVICE': ':1.86', 'TERM_PROGRAM': 'vscode', 'SSH_AUTH_SOCK': '/run/user/1000/keyring/ssh', 'AMENT_PREFIX_PATH': '/home/ros2/CHAPT2/install/demo_cpp_pkg:/home/ros2/CHAPT2/install/demo_python_pkg:/opt/ros/foxy', 'ORIGINAL_XDG_CURRENT_DESKTOP': 'ubuntu:GNOME', 'SHELL': '/bin/bash', 'LC_NAME': 'zh_CN.UTF-8', 'QT_ACCESSIBILITY': '1', 'GDMSESSION': 'ubuntu', 'LESSCLOSE': '/usr/bin/lesspipe %s %s', 'LC_MEASUREMENT': 'zh_CN.UTF-8', 'GPG_AGENT_INFO': '/run/user/1000/gnupg/S.gpg-agent:0:1', 'GJS_DEBUG_OUTPUT': 'stderr', 'LC_IDENTIFICATION': 'zh_CN.UTF-8', 'VSCODE_GIT_ASKPASS_EXTRA_ARGS': '', 'QT_IM_MODULE': 'ibus', 'PWD': '/home/ros2/CHAPT2/chapt2_ws/build/demo_python_pkg', 'XDG_CONFIG_DIRS': '/etc/xdg/xdg-ubuntu:/etc/xdg', 'XDG_DATA_DIRS': '/usr/share/ubuntu:/usr/local/share/:/usr/share/:/var/lib/snapd/desktop', 'PYTHONPATH': '/home/ros2/CHAPT2/chapt2_ws/build/demo_python_pkg/prefix_override:/usr/lib/python3/dist-packages/colcon_core/task/python/colcon_distutils_commands:/home/ros2/CHAPT2/chapt2_ws/install/demo_python_pkg/lib/python3.8/site-packages:/home/ros2/CHAPT2/install/demo_python_pkg/lib/python3.8/site-packages:/opt/ros/foxy/lib/python3.8/site-packages', 'LC_NUMERIC': 'zh_CN.UTF-8', 'LC_PAPER': 'zh_CN.UTF-8', 'COLCON': '1', 'VTE_VERSION': '6003', 'CMAKE_PREFIX_PATH': '/home/ros2/CHAPT2/install/demo_cpp_pkg'}, 'shell': False}
[1.929778] (-) TimerEvent: {}
[2.007367] (demo_cpp_pkg) StderrLine: {'line': b'Traceback (most recent call last):\n'}
[2.007598] (demo_cpp_pkg) StderrLine: {'line': b'  File "/usr/lib/python3/dist-packages/catkin_pkg/package.py", line 610, in parse_package_string\n'}
[2.007693] (demo_cpp_pkg) StderrLine: {'line': b'    root = dom.parseString(data)\n'}
[2.007792] (demo_cpp_pkg) StderrLine: {'line': b'  File "/usr/lib/python3.8/xml/dom/minidom.py", line 1969, in parseString\n'}
[2.007860] (demo_cpp_pkg) StderrLine: {'line': b'    return expatbuilder.parseString(string)\n'}
[2.007922] (demo_cpp_pkg) StderrLine: {'line': b'  File "/usr/lib/python3.8/xml/dom/expatbuilder.py", line 925, in parseString\n'}
[2.007984] (demo_cpp_pkg) StderrLine: {'line': b'    return builder.parseString(string)\n'}
[2.008044] (demo_cpp_pkg) StderrLine: {'line': b'  File "/usr/lib/python3.8/xml/dom/expatbuilder.py", line 223, in parseString\n'}
[2.008104] (demo_cpp_pkg) StderrLine: {'line': b'    parser.Parse(string, True)\n'}
[2.008194] (demo_cpp_pkg) StderrLine: {'line': b'xml.parsers.expat.ExpatError: not well-formed (invalid token): line 10, column 17\n'}
[2.008255] (demo_cpp_pkg) StderrLine: {'line': b'\n'}
[2.008314] (demo_cpp_pkg) StderrLine: {'line': b'During handling of the above exception, another exception occurred:\n'}
[2.008373] (demo_cpp_pkg) StderrLine: {'line': b'\n'}
[2.008431] (demo_cpp_pkg) StderrLine: {'line': b'Traceback (most recent call last):\n'}
[2.008489] (demo_cpp_pkg) StderrLine: {'line': b'  File "/opt/ros/foxy/share/ament_cmake_core/cmake/core/package_xml_2_cmake.py", line 143, in <module>\n'}
[2.008583] (demo_cpp_pkg) StderrLine: {'line': b'    main()\n'}
[2.008647] (demo_cpp_pkg) StderrLine: {'line': b'  File "/opt/ros/foxy/share/ament_cmake_core/cmake/core/package_xml_2_cmake.py", line 52, in main\n'}
[2.008707] (demo_cpp_pkg) StderrLine: {'line': b'    raise e\n'}
[2.008766] (demo_cpp_pkg) StderrLine: {'line': b'  File "/opt/ros/foxy/share/ament_cmake_core/cmake/core/package_xml_2_cmake.py", line 48, in main\n'}
[2.008825] (demo_cpp_pkg) StderrLine: {'line': b'    package = parse_package_string(\n'}
[2.008883] (demo_cpp_pkg) StderrLine: {'line': b'  File "/usr/lib/python3/dist-packages/catkin_pkg/package.py", line 612, in parse_package_string\n'}
[2.008961] (demo_cpp_pkg) StderrLine: {'line': b"    raise InvalidPackage('The manifest contains invalid XML:\\n%s' % ex, filename)\n"}
[2.009034] (demo_cpp_pkg) StderrLine: {'line': b"catkin_pkg.package.InvalidPackage: Error(s) in package '/home/ros2/CHAPT2/chapt2_ws/src/demo_cpp_pkg/package.xml':\n"}
[2.009098] (demo_cpp_pkg) StderrLine: {'line': b'The manifest contains invalid XML:\n'}
[2.009157] (demo_cpp_pkg) StderrLine: {'line': b'not well-formed (invalid token): line 10, column 17\n'}
[2.031328] (-) TimerEvent: {}
[2.132439] (-) TimerEvent: {}
[2.134522] (demo_cpp_pkg) StderrLine: {'line': b'CMake Error at /opt/ros/foxy/share/ament_cmake_core/cmake/core/ament_package_xml.cmake:94 (message):\n'}
[2.134819] (demo_cpp_pkg) StderrLine: {'line': b'  execute_process(/usr/bin/python3\n'}
[2.134968] (demo_cpp_pkg) StderrLine: {'line': b'  /opt/ros/foxy/share/ament_cmake_core/cmake/core/package_xml_2_cmake.py\n'}
[2.135084] (demo_cpp_pkg) StderrLine: {'line': b'  /home/ros2/CHAPT2/chapt2_ws/src/demo_cpp_pkg/package.xml\n'}
[2.135275] (demo_cpp_pkg) StderrLine: {'line': b'  /home/ros2/CHAPT2/chapt2_ws/build/demo_cpp_pkg/ament_cmake_core/package.cmake)\n'}
[2.135405] (demo_cpp_pkg) StderrLine: {'line': b'  returned error code 1\n'}
[2.135529] (demo_cpp_pkg) StderrLine: {'line': b'Call Stack (most recent call first):\n'}
[2.135656] (demo_cpp_pkg) StderrLine: {'line': b'  /opt/ros/foxy/share/ament_cmake_core/cmake/core/ament_package_xml.cmake:49 (_ament_package_xml)\n'}
[2.135770] (demo_cpp_pkg) StderrLine: {'line': b'  /opt/ros/foxy/share/ament_lint_auto/cmake/ament_lint_auto_find_test_dependencies.cmake:31 (ament_package_xml)\n'}
[2.135876] (demo_cpp_pkg) StderrLine: {'line': b'  CMakeLists.txt:47 (ament_lint_auto_find_test_dependencies)\n'}
[2.135988] (demo_cpp_pkg) StderrLine: {'line': b'\n'}
[2.136108] (demo_cpp_pkg) StderrLine: {'line': b'\n'}
[2.151063] (demo_cpp_pkg) StdoutLine: {'line': b'-- Configuring incomplete, errors occurred!\n'}
[2.151453] (demo_cpp_pkg) StdoutLine: {'line': b'See also "/home/ros2/CHAPT2/chapt2_ws/build/demo_cpp_pkg/CMakeFiles/CMakeOutput.log".\n'}
[2.151562] (demo_cpp_pkg) StdoutLine: {'line': b'See also "/home/ros2/CHAPT2/chapt2_ws/build/demo_cpp_pkg/CMakeFiles/CMakeError.log".\n'}
[2.164748] (demo_cpp_pkg) StderrLine: {'line': b'make: *** [Makefile:266\xef\xbc\x9acmake_check_build_system] \xe9\x94\x99\xe8\xaf\xaf 1\n'}
[2.165578] (demo_cpp_pkg) CommandEnded: {'returncode': 2}
[2.165998] (demo_cpp_pkg) JobEnded: {'identifier': 'demo_cpp_pkg', 'rc': 2}
[2.232647] (-) TimerEvent: {}
[2.333202] (-) TimerEvent: {}
[2.337553] (demo_python_pkg) StdoutLine: {'line': b'running egg_info\n'}
[2.338366] (demo_python_pkg) StdoutLine: {'line': b'writing ../../build/demo_python_pkg/demo_python_pkg.egg-info/PKG-INFO\n'}
[2.339956] (demo_python_pkg) StdoutLine: {'line': b'writing dependency_links to ../../build/demo_python_pkg/demo_python_pkg.egg-info/dependency_links.txt\n'}
[2.340289] (demo_python_pkg) StdoutLine: {'line': b'writing entry points to ../../build/demo_python_pkg/demo_python_pkg.egg-info/entry_points.txt\n'}
[2.340457] (demo_python_pkg) StdoutLine: {'line': b'writing requirements to ../../build/demo_python_pkg/demo_python_pkg.egg-info/requires.txt\n'}
[2.340633] (demo_python_pkg) StdoutLine: {'line': b'writing top-level names to ../../build/demo_python_pkg/demo_python_pkg.egg-info/top_level.txt\n'}
[2.375880] (demo_python_pkg) StdoutLine: {'line': b"reading manifest file '../../build/demo_python_pkg/demo_python_pkg.egg-info/SOURCES.txt'\n"}
[2.376650] (demo_python_pkg) StdoutLine: {'line': b"writing manifest file '../../build/demo_python_pkg/demo_python_pkg.egg-info/SOURCES.txt'\n"}
[2.376854] (demo_python_pkg) StdoutLine: {'line': b'running build\n'}
[2.376931] (demo_python_pkg) StdoutLine: {'line': b'running build_py\n'}
[2.377210] (demo_python_pkg) StdoutLine: {'line': b'running install\n'}
[2.377945] (demo_python_pkg) StdoutLine: {'line': b'running install_lib\n'}
[2.379210] (demo_python_pkg) StdoutLine: {'line': b'running install_data\n'}
[2.379346] (demo_python_pkg) StdoutLine: {'line': b'running install_egg_info\n'}
[2.381352] (demo_python_pkg) StdoutLine: {'line': b"removing '/home/ros2/CHAPT2/chapt2_ws/install/demo_python_pkg/lib/python3.8/site-packages/demo_python_pkg-0.0.0-py3.8.egg-info' (and everything under it)\n"}
[2.381666] (demo_python_pkg) StdoutLine: {'line': b'Copying ../../build/demo_python_pkg/demo_python_pkg.egg-info to /home/ros2/CHAPT2/chapt2_ws/install/demo_python_pkg/lib/python3.8/site-packages/demo_python_pkg-0.0.0-py3.8.egg-info\n'}
[2.382434] (demo_python_pkg) StdoutLine: {'line': b'running install_scripts\n'}
[2.406668] (demo_python_pkg) StdoutLine: {'line': b'Installing python_node script to /home/ros2/CHAPT2/chapt2_ws/install/demo_python_pkg/lib/demo_python_pkg\n'}
[2.407267] (demo_python_pkg) StdoutLine: {'line': b"writing list of installed files to '/home/ros2/CHAPT2/chapt2_ws/build/demo_python_pkg/install.log'\n"}
[2.433478] (-) TimerEvent: {}
[2.474234] (demo_python_pkg) JobEnded: {'identifier': 'demo_python_pkg', 'rc': 'SIGINT'}
[2.486487] (-) EventReactorShutdown: {}
